cts/
frameworks/av/
frameworks/base/
frameworks/compile/mclinker/
frameworks/compile/libbcc/
frameworks/compile/slang/
frameworks/ex/
frameworks/mff/
frameworks/minikin/
frameworks/data-binding/
frameworks/ml/
frameworks/multidex/
frameworks/opt/bitmap/
frameworks/opt/bluetooth/
frameworks/native/
frameworks/opt/calendar/
frameworks/opt/carddav/
frameworks/opt/chips/
frameworks/opt/colorpicker/
frameworks/opt/datetimepicker/
frameworks/opt/emoji/
frameworks/opt/inputconnectioncommon/
frameworks/opt/inputmethodcommon/
frameworks/opt/net/ethernet/
frameworks/opt/net/ims/
frameworks/opt/net/voip/
frameworks/opt/net/wifi/
frameworks/opt/photoviewer/
frameworks/opt/setupwizard/
frameworks/opt/telephony/
frameworks/opt/timezonepicker/
frameworks/opt/vcard/
frameworks/opt/widget/
frameworks/rs/
frameworks/volley/
frameworks/webview/
frameworks/support/
frameworks/wilhelm/
frameworksbase/services/java/com/android/server/
frameworks/base/services/core/java/com/android/server/
frameworks/base/services/core/java/com/android/server/am/
frameworks/base/services/core/java/com/android/server/audio/
frameworks/base/services/core/java/com/android/server/BluetoothManagerService.java
frameworks/base/services/core/java/com/android/server/BluetoothService.java
frameworks/base/services/core/java/com/android/server/connectivity/
frameworks/base/services/core/java/com/android/server/ConnectivityService.java
frameworks/base/services/core/java/com/android/server/content/
frameworks/base/services/core/java/com/android/server/fingerprint/
frameworks/base/services/core/java/com/android/server/InputMethodManagerService.java
frameworks/base/services/core/java/com/android/server/location/
frameworks/base/services/core/java/com/android/server/LocationManagerService.java
frameworks/base/services/core/java/com/android/server/LockSettingsService.java
frameworks/base/services/core/java/com/android/server/LockSettingsStorage.java
frameworks/base/services/core/java/com/android/server/media/
frameworks/base/services/core/java/com/android/server/MountService.java
frameworks/base/services/core/java/com/android/server/notification/
frameworks/base/services/core/java/com/android/server/policy/
frameworks/base/services/core/java/com/android/server/power/
frameworks/base/services/core/java/com/android/server/statusbar/
frameworks/base/services/core/java/com/android/server/SystemServerInitThreadPool.java
frameworks/base/services/core/java/com/android/server/pm/
frameworks/base/services/core/java/com/android/server/power/
frameworks/base/services/core/java/com/android/server/display/
frameworks/base/services/core/java/com/android/server/SystemServiceManager.java
frameworks/base/services/core/java/com/android/server/TextServiceManagerService.java
frameworks/base/services/core/java/com/android/server/Watchdog.java
frameworks/base/services/core/java/com/android/server/wm/
frameworks/base/services/core/java/com/android/server/
packages/apps/BasicSmsReceiver/
packages/apps/Bluetooth/
packages/apps/Browser/
packages/apps/Calculator/
packages/apps/Calendar/
packages/apps/Camera/
packages/apps/Camera2/
packages/apps/CarrierConfig/
packages/apps/CellBroadcastReceiver/
packages/apps/CertInstaller/
packages/apps/Contacts/
packages/apps/ContactsCommon/
packages/apps/DeskClock/
packages/apps/Dialer/
packages/apps/Email/
packages/apps/ExactCalculator/
packages/apps/Exchange/
packages/apps/FMRadio/
packages/apps/Gallery/
packages/apps/Gallery2/
packages/apps/HTMLViewer/
packages/apps/InCallUI/
packages/apps/KeyChain/
packages/apps/Launcher2/
packages/apps/Launcher3/
packages/apps/LegacyCamera/
packages/apps/ManagedProvisioning/
packages/apps/Messaging/
packages/apps/Music/
packages/apps/MusicFX/
packages/apps/Nfc/
packages/apps/OneTimeInitializer/
packages/apps/PackageInstaller/
packages/apps/Phone/
packages/apps/PhoneCommon/
packages/apps/Protips/
packages/apps/Provision/
packages/apps/QuickSearchBox/
packages/apps/Settings/
packages/apps/SmartCardService/
packages/apps/SoundRecorder/
packages/apps/SpareParts/
packages/apps/SpeechRecorder/
packages/apps/Stk/
packages/apps/Terminal/
packages/apps/Tag/
packages/apps/TvSettings/
packages/apps/UnifiedEmail/
packages/experimental/
packages/inputmethods/OpenWnn/
packages/providers/ApplicationsProvider/
packages/providers/BookmarkProvider/
packages/inputmethods/LatinIME/
packages/providers/CallLogProvider/
packages/providers/CalendarProvider/
packages/providers/DownloadProvider/
packages/providers/ContactsProvider/
packages/providers/MediaProvider/
packages/providers/TelephonyProvider/
packages/providers/PartnerBookmarksProvider/
packages/providers/TvProvider/
packages/providers/UserDictionaryProvider/
packages/screensavers/Basic/
packages/screensavers/PhotoTable/
packages/screensavers/WebView/
packages/services/Mms/
packages/services/Telecomm/
packages/wallpapers/Basic/
packages/wallpapers/Galaxy4/
packages/services/Telephony/
packages/wallpapers/HoloSpiral/
packages/wallpapers/LivePicker/
packages/wallpapers/NoiseField/
packages/wallpapers/MagicSmoke/
packages/wallpapers/PhaseBeam/
system/bt/
system/core/
system/gatekeeper/
system/extras/
system/keymaster/
system/media/
system/netd/
system/security/
system/vold/ 
